 90|****************************************************************************
  4|***
  6|*****
   |--------|--------|--------|--------|--------|--------|--------|--------|--------|
   0        9                                                                       90